
Closing /dev/seriala...OK
v9k: isr=asm deb=0
v9k: dos oem=ff ver=310 irq1=41
v9k: rxlost=0 rxfull=0 rxpeak=2325 of 4096
v9k: peaktag=6 fd=0 stall256=109
v9k: rxbytes=40537 peakat=6097 stallat=612
v9k: norx=0 othrx=0 rr0=00 oth=00
v9k: bulk sel=1 n=105
v9k: lost evt=0 max=0 tag=0 fd=0
v9k: lostat=0 lostend=0
v9k: lean (no burst table)
v9k: flow in=0 out=0 hi=65535 lo=1024 held=0 rel=0 xoff=0 xon=0 stuck=0
v9k: wfile n=4 max=50 at #1 of 8192 tot=50 cs nospc=0
v9k: wcon n=1 max=0 tot=0 cs
v9k: txgap n=33 max=50 at #10 tot=150 cs
v9k: nap per=286 n=1 req=500 ms tot=50 cs cc=0
v9k: coll=1
v9k: dec n=32 max=450 at #3 tot=1600 cs to=0
v9k: window ask=0 use=0 neg=1 pool=2 ring=1
v9k: elapsed=3050 cs wire=1329 B/s
v9k: mdm cts=1 dsr=1 (dcd=1 rts=1 dtr=1, see comment)
