
Closing /dev/seriala...OK
v9k: isr=asm deb=1
v9k: dos oem=ff ver=310 irq1=41
v9k: rxlost=0 rxfull=0 rxpeak=362 of 4096
v9k: peaktag=10 fd=0 stall256=1
v9k: rxbytes=731 peakat=715 stallat=609
v9k: norx=0 othrx=0 rr0=00 oth=00
v9k: bulk sel=1 n=9
v9k: lost evt=0 max=0 tag=0 fd=0
v9k: lostat=0 lostend=0
v9k: lean (no burst table)
v9k: flow in=0 out=0 hi=65535 lo=1024 held=0 rel=0 xoff=0 xon=0 stuck=0
v9k: wfile n=1 max=0 at #0 of 0 tot=0 cs nospc=0
v9k: wcon n=1 max=0 tot=0 cs
v9k: txgap n=6 max=100 at #1 tot=450 cs
v9k: nap per=286 n=1 req=500 ms tot=50 cs cc=0
v9k: coll=1
v9k: dec n=7 max=700 at #2 tot=2700 cs to=0
v9k: window ask=0 use=0 neg=1 pool=2 ring=1
v9k: elapsed=3700 cs wire=19 B/s
v9k: mdm cts=1 dsr=1 (dcd=1 rts=1 dtr=1, see comment)
